

@S |Clock Optimization Summary


#### START OF CLOCK OPTIMIZATION REPORT #####[

2 non-gated/non-generated clock tree(s) driving 57 clock pin(s) of sequential element(s)
1 gated/generated clock tree(s) driving 25 clock pin(s) of sequential element(s)
30 instances converted, 25 sequential instances remain driven by gated/generated clocks

================================ Non-Gated/Non-Generated Clocks =================================
Clock Tree ID     Driving Element           Drive Element Type     Fanout     Sample Instance    
-------------------------------------------------------------------------------------------------
@K:CKID0002       PACKAGEPIN_ibuf_gb_io     SB_GB_IO               56         lcolreg[0]         
@K:CKID0003       arse.divseven.io_0        SB_IO                  1          arse.apusynclatched
=================================================================================================
============================================================================================================== Gated/Generated Clocks ===============================================================================================================
Clock Tree ID     Driving Element                            Drive Element Type     Fanout     Sample Instance         Explanation                                                                                                                   
-----------------------------------------------------------------------------------------------------------------------------------------------------------------------------------------------------------------------------------------------------
@K:CKID0001       top_pll_nrtthrth.top_pll_nrtthrth_inst     SB_PLL40_CORE          25         arse.apuresetoutreg     Gating structure creates improper gating logic. See the Gated Clocks description in the user guide for conversion requirements
=====================================================================================================================================================================================================================================================


##### END OF CLOCK OPTIMIZATION REPORT ######]

